Items[0] = [Item{name='+5 Dexterity Vest', sellIn=9, quality=19}, Item{name='Aged Brie', sellIn=1, quality=1}, Item{name='Elixir of the Mongoose', sellIn=4, quality=6}, Item{name='Sulfuras, Hand of Ragnaros', sellIn=0, quality=80}, Item{name='Backstage passes to a TAFKAL80ETC concert', sellIn=14, quality=21}, Item{name='Conjured Mana Cake', sellIn=2, quality=5}]
Items[1] = [Item{name='+5 Dexterity Vest', sellIn=8, quality=18}, Item{name='Aged Brie', sellIn=0, quality=2}, Item{name='Elixir of the Mongoose', sellIn=3, quality=5}, Item{name='Sulfuras, Hand of Ragnaros', sellIn=0, quality=80}, Item{name='Backstage passes to a TAFKAL80ETC concert', sellIn=13, quality=22}, Item{name='Conjured Mana Cake', sellIn=1, quality=4}]
Items[2] = [Item{name='+5 Dexterity Vest', sellIn=7, quality=17}, Item{name='Aged Brie', sellIn=-1, quality=4}, Item{name='Elixir of the Mongoose', sellIn=2, quality=4}, Item{name='Sulfuras, Hand of Ragnaros', sellIn=0, quality=80}, Item{name='Backstage passes to a TAFKAL80ETC concert', sellIn=12, quality=23}, Item{name='Conjured Mana Cake', sellIn=0, quality=3}]
